2021.04.19 월
깃 형상관리란 무엇인가?
파일들의 관리 
날짜별로 백업하기가 너무 힘들지 않니
버젼관리를 위해서
추가적인 기능을 테스트 해보기 위해서, 괜찮으면 병합시키고
개발자들의 포트폴리오 = 깃허브
깃 vs 깃허브
깃은 잔디밭 많이 하면 잔디밭이 찐해져
초록색 많이 찍히면 많이 하고 있구나 히히 이렇게 알 수 있음
우리가 열심히 하고 있구나 ㅎㅎ 생활습관 들게 하려고 
스냅샷처럼 찍어서 기록
깃허브는 기업에서 실제로 프로젝트 진행할때 사용
내가 작업을 한 파일들에 있어서 변경사항이 생기는데 변경사항이 생기기전의 이전파일을
놓고갔는데 누군가 실수해서 파일이 몽땅날아간다거나 수정중인데 제대로 저장을 하지 않아서
파일이 하나도 안남았거나.. 그래서 백업이 필요해서 파일들이 여러개 만들어지는데
프로그램 개발할 떄에도 그런 일이 더 많이 생기니까
버젼관리는 항상 중요하니까...
중앙에 같이 두고 변경사항 적용시켜보고 이런게 가능하니까 ㅇ협업할때에도 당연히 깃을 사용해야한다.
중앙저장소들이 있고, 각각의 가지치기로 다른 저장소들이 있다.
내가 한거 올리는거까지는 커밋이고 큰몸통에 가져다 붙이는 것은 푸시이다.
깃허브는 깃의 클라우드 저장소이다

내가 깃이라는것을 왜 알아야하지? 내가 이거 왜 해야하냐?
버전관리란 무엇인가
프로그램 작성하다가 과거의 어느 시점으로 되돌아가고 싶을때가 있기 때문이다.
프로젝트란 무엇인가

깃과 깃허브를 구분하자
깃은 가장 인기 있는 버전관리 도구
깃허브는 가장인기 있는 클라우드 저장소


깃 설치하기 CMD창에다가 git 쳐서 있나 없나 확인
브라우져에 git쳐서 윈도우 64비트 깃 다운로드하기
뭔 랜치인가 런치 선택하면 깃 바쉬창이 열림
항상 뭠 설치하고 나면 씨엠디창 껏다가 다시 켜기
다설치 되고나면 깃 씨엠디 창켜기
그리고 깃 업로드 전용 폴더하나 만들기

파일 보여줘:$ ls
깃 설정 보기: $git config --list
폴더위치 바꿔줘: $cd /c/내폴더 이름

윈도우 말고 다른 운영체제를 사용해야할일도 있으니 깃 바쉬를 보여주는 것이란다! 하하

깃헙깔고 
소스트리도 깔아보자!!

윈도우는 /r /n 옆으로 쭉 밀고 내려이렇게 쓰는데 
맥은 그렇게 쓰지  않는다 그래서 맥에서 내려받으면 쓰지 않는게 있어서
파일 이름이상하게 나오고 그런거다 

cd..은 상위 부모디렉터리
cd.은 현재 디렉토리이다.

마크다운이란??

클래스가 컴파일되면 클래스파일이 생가던가 나는 깃에다가 이파일을 올리지 않을거야 하고 설정을 할 수 있당
뒤에 .이그노어 붙이면 그 파일은 트래킹을 하지않게된다. 그건 바로 gitignore

. => 현재 디렉토리 자체를 의미(전체를 올리거야 이럴때)
* => 디렉토리 안에 들어있는거 값(나는 add할거긴 한데 디렉토리 안에서 물으니까 확장자가 txt인걸로할게 이럴때 사용)

git pull ->가져와서 써야지!!!

내가 필요한 애를 클론으로 가져와서 쓸 수 있구나.


//Admin@DESKTOP-VH8V6JM MINGW64 ~
$ pwd
/c/Users/Admin

Admin@DESKTOP-VH8V6JM MINGW64 ~
$ ls
'3D Objects'/
 AppData/
'Application Data'@
 Contacts/
 Cookies@
 Desktop/
 Documents/
 Downloads/
 Favorites/
 Intel/
 IntelGraphicsProfiles/
'KMSAuto Net.exe'*
 Links/
'Local Settings'@
 MicrosoftEdgeBackups/
 Music/
'My Documents'@
 NTUSER.DAT
 NTUSER.DAT{53b39e88-18c4-11ea-a811-000d3aa4692b}.TM.blf
 NTUSER.DAT{53b39e88-18c4-11ea-a811-000d3aa4692b}.TMContainer00000000000000000001.regtrans-ms
 NTUSER.DAT{53b39e88-18c4-11ea-a811-000d3aa4692b}.TMContainer00000000000000000002.regtrans-ms
 NetHood@
 OneDrive/
 Pictures/
 PrintHood@
'Printer Driver'/
 Recent@
 Roaming/
'Saved Games'/
 Searches/
 SendTo@
 Templates@
 Videos/
 anaconda3/
 mercurial.ini
 ntuser.dat.LOG1
 ntuser.dat.LOG2
 ntuser.ini
'시작 메뉴'@

Admin@DESKTOP-VH8V6JM MINGW64 ~
$ cd desktop/

Admin@DESKTOP-VH8V6JM MINGW64 ~/desktop
$ cd dani/

Admin@DESKTOP-VH8V6JM MINGW64 ~/desktop/dani (main)
$ mkdir first_git

Admin@DESKTOP-VH8V6JM MINGW64 ~/desktop/dani (main)
$ ls
SQL/  cloud/  first_git/  git_test/  python/

Admin@DESKTOP-VH8V6JM MINGW64 ~/desktop/dani (main)
$ ls -a
./   .git/                .vscode/  cloud/      git_test/
../  .ipynb_checkpoints/  SQL/      first_git/  python/

Admin@DESKTOP-VH8V6JM MINGW64 ~/desktop/dani (main)
$ cd first_git/

Admin@DESKTOP-VH8V6JM MINGW64 ~/desktop/dani/first_git (main)
$ ls -a
./  ../

Admin@DESKTOP-VH8V6JM MINGW64 ~/desktop/dani/first_git (main)
$ git clone https://github.com/carami/funnyblog.git
Cloning into 'funnyblog'...
remote: Enumerating objects: 22, done.
remote: Counting objects: 100% (22/22), done.
remote: Compressing objects: 100% (14/14), done.
remote: Total 22 (delta 4), reused 19 (delta 1), pack-reused 0
Receiving objects: 100% (22/22), 3.06 MiB | 3.24 MiB/s, done.
Resolving deltas: 100% (4/4), done.

Admin@DESKTOP-VH8V6JM MINGW64 ~/desktop/dani/first_git (main)
$ git init
Initialized empty Git repository in C:/Users/Admin/Desktop/dani/first_git/.git/

Admin@DESKTOP-VH8V6JM MINGW64 ~/desktop/dani/first_git (master)
$ ls -a
./  ../  .git/  funnyblog/

Admin@DESKTOP-VH8V6JM MINGW64 ~/desktop/dani/first_git (master)
$ echo wa > wawa

Admin@DESKTOP-VH8V6JM MINGW64 ~/desktop/dani/first_git (master)
$ echo wa > wawa.txt

Admin@DESKTOP-VH8V6JM MINGW64 ~/desktop/dani/first_git (master)
$ git add wawa.txt
warning: LF will be replaced by CRLF in wawa.txt.
The file will have its original line endings in your working directory

Admin@DESKTOP-VH8V6JM MINGW64 ~/desktop/dani/first_git (master)
$ git status
On branch master

No commits yet

Changes to be committed:
  (use "git rm --cached <file>..." to unstage)
        new file:   wawa.txt

Untracked files:
  (use "git add <file>..." to include in what will be committed)
        funnyblog/


Admin@DESKTOP-VH8V6JM MINGW64 ~/desktop/dani/first_git (master)
$ git add funnyblog/
warning: adding embedded git repository: funnyblog
hint: You've added another git repository inside your current repository.
hint: Clones of the outer repository will not contain the contents of
hint: the embedded repository and will not know how to obtain it.
hint: If you meant to add a submodule, use:
hint:
hint:   git submodule add <url> funnyblog
hint:
hint: If you added this path by mistake, you can remove it from the
hint: index with:
hint:
hint:   git rm --cached funnyblog
hint:
hint: See "git help submodule" for more information.

Admin@DESKTOP-VH8V6JM MINGW64 ~/desktop/dani/first_git (master)
$ git status
On branch master

No commits yet

Changes to be committed:
  (use "git rm --cached <file>..." to unstage)
        new file:   funnyblog
        new file:   wawa.txt


Admin@DESKTOP-VH8V6JM MINGW64 ~/desktop/dani/first_git (master)
$ git commit -m '처음으로 복습한 git사용법'
[master (root-commit) 6910b3a] 처음으로 복습한 git사용법
 2 files changed, 2 insertions(+)
 create mode 160000 funnyblog
 create mode 100644 wawa.txt

Admin@DESKTOP-VH8V6JM MINGW64 ~/desktop/dani/first_git (master)
$ git status
On branch master
nothing to commit, working tree clean

Admin@DESKTOP-VH8V6JM MINGW64 ~/desktop/dani/first_git (master)
$ git log
commit 6910b3a86fdc6a6e93dd992b9f17c0cce260129f (HEAD -> master)
Author: dahyun <tjekgus609@gmail.com>
Date:   Mon Apr 19 14:22:12 2021 +0900

    처음으로 복습한 git사용법

Admin@DESKTOP-VH8V6JM MINGW64 ~/desktop/dani/first_git (master)
$ git branch -M main

Admin@DESKTOP-VH8V6JM MINGW64 ~/desktop/dani/first_git (main)
$ git branch
* main

Admin@DESKTOP-VH8V6JM MINGW64 ~/desktop/dani/first_git (main)
$ git status
On branch main
nothing to commit, working tree clean

Admin@DESKTOP-VH8V6JM MINGW64 ~/desktop/dani/first_git (main)
$ git log
commit 6910b3a86fdc6a6e93dd992b9f17c0cce260129f (HEAD -> main)
Author: dahyun <tjekgus609@gmail.com>
Date:   Mon Apr 19 14:22:12 2021 +0900

    처음으로 복습한 git사용법

Admin@DESKTOP-VH8V6JM MINGW64 ~/desktop/dani/first_git (main)
$ git branch -M master

Admin@DESKTOP-VH8V6JM MINGW64 ~/desktop/dani/first_git (master)
$ git branch
* master

Admin@DESKTOP-VH8V6JM MINGW64 ~/desktop/dani/first_git (master)
$ git remote add origin https://github.com/dahyun-hey/dada_log.git

Admin@DESKTOP-VH8V6JM MINGW64 ~/desktop/dani/first_git (master)
$ git push -u origin master
Enumerating objects: 3, done.
Counting objects: 100% (3/3), done.
Delta compression using up to 8 threads
Compressing objects: 100% (2/2), done.
Writing objects: 100% (3/3), 285 bytes | 285.00 KiB/s, done.
Total 3 (delta 0), reused 0 (delta 0), pack-reused 0
remote:
remote: Create a pull request for 'master' on GitHub by visiting:
remote:      https://github.com/dahyun-hey/dada_log/pull/new/master
remote:
To https://github.com/dahyun-hey/dada_log.git
 * [new branch]      master -> master
Branch 'master' set up to track remote branch 'master' from 'origin'.

Admin@DESKTOP-VH8V6JM MINGW64 ~/desktop/dani/first_git (master)
$ echo a > a.txt

Admin@DESKTOP-VH8V6JM MINGW64 ~/desktop/dani/first_git (master)
$ echo b > b.txt

Admin@DESKTOP-VH8V6JM MINGW64 ~/desktop/dani/first_git (master)
$ echo log > log.log

Admin@DESKTOP-VH8V6JM MINGW64 ~/desktop/dani/first_git (master)
$ git status
On branch master
Your branch is up to date with 'origin/master'.

Untracked files:
  (use "git add <file>..." to include in what will be committed)
        a.txt
        b.txt
        log.log

nothing added to commit but untracked files present (use "git add" to track)

Admin@DESKTOP-VH8V6JM MINGW64 ~/desktop/dani/first_git (master)
$ echo log.log>.gitignore

Admin@DESKTOP-VH8V6JM MINGW64 ~/desktop/dani/first_git (master)
$ git status
On branch master
Your branch is up to date with 'origin/master'.

Untracked files:
  (use "git add <file>..." to include in what will be committed)
        .gitignore
        a.txt
        b.txt

nothing added to commit but untracked files present (use "git add" to track)

Admin@DESKTOP-VH8V6JM MINGW64 ~/desktop/dani/first_git (master)
$ git add .
warning: LF will be replaced by CRLF in .gitignore.
The file will have its original line endings in your working directory
warning: LF will be replaced by CRLF in a.txt.
The file will have its original line endings in your working directory
warning: LF will be replaced by CRLF in b.txt.
The file will have its original line endings in your working directory

Admin@DESKTOP-VH8V6JM MINGW64 ~/desktop/dani/first_git (master)
$ git status
On branch master
Your branch is up to date with 'origin/master'.

Changes to be committed:
  (use "git restore --staged <file>..." to unstage)
        new file:   .gitignore
        new file:   a.txt
        new file:   b.txt


Admin@DESKTOP-VH8V6JM MINGW64 ~/desktop/dani/first_git (master)
$ git commit -m "second commit"
[master dec13b7] second commit
 3 files changed, 3 insertions(+)
 create mode 100644 .gitignore
 create mode 100644 a.txt
 create mode 100644 b.txt

Admin@DESKTOP-VH8V6JM MINGW64 ~/desktop/dani/first_git (master)
$ git push origin master
Enumerating objects: 6, done.
Counting objects: 100% (6/6), done.
Delta compression using up to 8 threads
Compressing objects: 100% (2/2), done.
Writing objects: 100% (5/5), 391 bytes | 391.00 KiB/s, done.
Total 5 (delta 0), reused 0 (delta 0), pack-reused 0
To https://github.com/dahyun-hey/dada_log.git
   6910b3a..dec13b7  master -> master

Admin@DESKTOP-VH8V6JM MINGW64 ~/desktop/dani/first_git (master)
$ echo c.txt
c.txt

Admin@DESKTOP-VH8V6JM MINGW64 ~/desktop/dani/first_git (master)
$ ls
a.txt  b.txt  funnyblog/  log.log  wawa.txt

Admin@DESKTOP-VH8V6JM MINGW64 ~/desktop/dani/first_git (master)
$ echo cccc > c.txt

Admin@DESKTOP-VH8V6JM MINGW64 ~/desktop/dani/first_git (master)
$ ls
a.txt  b.txt  c.txt  funnyblog/  log.log  wawa.txt

Admin@DESKTOP-VH8V6JM MINGW64 ~/desktop/dani/first_git (master)
$ echo c.txt>.gitignore

Admin@DESKTOP-VH8V6JM MINGW64 ~/desktop/dani/first_git (master)
$ echo ddd > d.txt

Admin@DESKTOP-VH8V6JM MINGW64 ~/desktop/dani/first_git (master)
$ git status
On branch master
Your branch is up to date with 'origin/master'.

Changes not staged for commit:
  (use "git add <file>..." to update what will be committed)
  (use "git restore <file>..." to discard changes in working directory)
        modified:   .gitignore

Untracked files:
  (use "git add <file>..." to include in what will be committed)
        d.txt
        log.log

no changes added to commit (use "git add" and/or "git commit -a")

Admin@DESKTOP-VH8V6JM MINGW64 ~/desktop/dani/first_git (master)
$ vi .gitignore

Admin@DESKTOP-VH8V6JM MINGW64 ~/desktop/dani/first_git (master)
$ git status
On branch master
Your branch is up to date with 'origin/master'.

Changes not staged for commit:
  (use "git add <file>..." to update what will be committed)
  (use "git restore <file>..." to discard changes in working directory)
        modified:   .gitignore

Untracked files:
  (use "git add <file>..." to include in what will be committed)
        d.txt

no changes added to commit (use "git add" and/or "git commit -a")

Admin@DESKTOP-VH8V6JM MINGW64 ~/desktop/dani/first_git (master)
$ git add d.txt
warning: LF will be replaced by CRLF in d.txt.
The file will have its original line endings in your working directory

Admin@DESKTOP-VH8V6JM MINGW64 ~/desktop/dani/first_git (master)
$ git commit -m 'd.txt파일을 추가합니다'
[master f2a9f85] d.txt파일을 추가합니다
 1 file changed, 1 insertion(+)
 create mode 100644 d.txt

Admin@DESKTOP-VH8V6JM MINGW64 ~/desktop/dani/first_git (master)
$ git log
commit f2a9f85554d87be3d8b153e6fd598fd93bf7fdd3 (HEAD -> master)
Author: dahyun <tjekgus609@gmail.com>
Date:   Mon Apr 19 14:38:49 2021 +0900

    d.txt파일을 추가합니다

commit dec13b7533b680d4f8d9cac2e5a2d5f1d5c5b369 (origin/master)
Author: dahyun <tjekgus609@gmail.com>
Date:   Mon Apr 19 14:32:07 2021 +0900

    second commit

commit 6910b3a86fdc6a6e93dd992b9f17c0cce260129f
Author: dahyun <tjekgus609@gmail.com>
Date:   Mon Apr 19 14:22:12 2021 +0900

    처음으로 복습한 git사용법

Admin@DESKTOP-VH8V6JM MINGW64 ~/desktop/dani/first_git (master)
$ git push -u origin master
Enumerating objects: 4, done.
Counting objects: 100% (4/4), done.
Delta compression using up to 8 threads
Compressing objects: 100% (2/2), done.
Writing objects: 100% (3/3), 304 bytes | 304.00 KiB/s, done.
Total 3 (delta 1), reused 0 (delta 0), pack-reused 0
remote: Resolving deltas: 100% (1/1), completed with 1 local object.
To https://github.com/dahyun-hey/dada_log.git
   dec13b7..f2a9f85  master -> master
Branch 'master' set up to track remote branch 'master' from 'origin'.

Admin@DESKTOP-VH8V6JM MINGW64 ~/desktop/dani/first_git (master)
$
